[2026-08-02T09:09:27.835134700Z] [SCHEDULER] Added: Restart Server | at: 2026-08-02T09:09:30.831635600Z
[2026-08-02T09:09:27.836240800Z] [SCHEDULER] Added: Send Email | at: 2026-08-02T09:09:32.835641600Z
[2026-08-02T09:09:27.837793700Z] [SCHEDULER] Added: Heartbeat | at: 2026-08-02T09:09:29.837250100Z
[2026-08-02T09:09:27.839245900Z] [SCHEDULER] Added: Print Logs | at: 2026-08-02T09:09:31.837793700Z
[2026-08-02T09:09:29.840265600Z] [SCHEDULER] Added: Heartbeat | at: 2026-08-02T09:09:34.837250100Z
[2026-08-02T09:09:29.841433500Z] [2026-08-02T09:09:29.839731700Z] Heartbeat
[2026-08-02T09:09:29.856258800Z] [WORKER-0] Executing: Heartbeat Remaining tasks: 0
[2026-08-02T09:09:30.833098400Z] [2026-08-02T09:09:30.832754300Z] Restart Server
[2026-08-02T09:09:30.834098300Z] [WORKER-1] Executing: Restart Server Remaining tasks: 0
[2026-08-02T09:09:31.839352800Z] [SCHEDULER] Added: Print Logs | at: 2026-08-02T09:09:33.837793700Z
[2026-08-02T09:09:31.840359800Z] [2026-08-02T09:09:31.838840800Z] Print Logs
[2026-08-02T09:09:31.840359800Z] [WORKER-0] Executing: Print Logs Remaining tasks: 0
[2026-08-02T09:09:32.837591400Z] [2026-08-02T09:09:32.837591400Z] Send Email
[2026-08-02T09:09:32.837591400Z] [WORKER-1] Executing: Send Email Remaining tasks: 0
[2026-08-02T09:09:33.842486400Z] [SCHEDULER] Added: Print Logs | at: 2026-08-02T09:09:35.837793700Z
[2026-08-02T09:09:33.843585200Z] [2026-08-02T09:09:33.841670Z] Print Logs
[2026-08-02T09:09:33.843585200Z] [WORKER-0] Executing: Print Logs Remaining tasks: 0
[2026-08-02T09:09:34.837972700Z] [SCHEDULER] Added: Heartbeat | at: 2026-08-02T09:09:39.837250100Z
[2026-08-02T09:09:34.837972700Z] [2026-08-02T09:09:34.837972700Z] Heartbeat
[2026-08-02T09:09:34.839761300Z] [WORKER-1] Executing: Heartbeat Remaining tasks: 0
[2026-08-02T09:09:35.841893500Z] [SCHEDULER] Added: Print Logs | at: 2026-08-02T09:09:37.837793700Z
[2026-08-02T09:09:35.842668200Z] [2026-08-02T09:09:35.840884500Z] Print Logs
[2026-08-02T09:09:35.842668200Z] [WORKER-0] Executing: Print Logs Remaining tasks: 0
[2026-08-02T09:09:37.838385Z] [2026-08-02T09:09:37.838385Z] Print Logs
[2026-08-02T09:09:37.839346800Z] [WORKER-1] Executing: Print Logs Remaining tasks: 0
[2026-08-02T09:09:37.839937600Z] [SCHEDULER] Added: Print Logs | at: 2026-08-02T09:09:39.837793700Z
[2026-08-02T09:09:39.837924600Z] [SCHEDULER] Added: Heartbeat | at: 2026-08-02T09:09:44.837250100Z
[2026-08-02T09:09:39.838770500Z] [2026-08-02T09:09:39.837607400Z] Heartbeat
[2026-08-02T09:09:39.839881300Z] [WORKER-0] Executing: Heartbeat Remaining tasks: 0
[2026-08-02T09:09:39.841100600Z] [2026-08-02T09:09:39.840790500Z] Print Logs
[2026-08-02T09:09:39.841597200Z] [WORKER-1] Executing: Print Logs Remaining tasks: 0
[2026-08-02T09:09:39.841597200Z] [SCHEDULER] Added: Print Logs | at: 2026-08-02T09:09:41.837793700Z
[2026-08-02T09:09:41.840141500Z] [2026-08-02T09:09:41.839791300Z] Print Logs
[2026-08-02T09:09:41.840698900Z] [WORKER-0] Executing: Print Logs Remaining tasks: 0
[2026-08-02T09:09:41.841150900Z] [SCHEDULER] Added: Print Logs | at: 2026-08-02T09:09:43.837793700Z
[2026-08-02T09:09:43.838202700Z] [SCHEDULER] Added: Print Logs | at: 2026-08-02T09:09:45.837793700Z
[2026-08-02T09:09:43.839167800Z] [2026-08-02T09:09:43.838202700Z] Print Logs
[2026-08-02T09:09:43.839167800Z] [WORKER-1] Executing: Print Logs Remaining tasks: 0
[2026-08-02T09:09:44.839905800Z] [SCHEDULER] Added: Heartbeat | at: 2026-08-02T09:09:49.837250100Z
[2026-08-02T09:09:44.840600700Z] [2026-08-02T09:09:44.839543200Z] Heartbeat
[2026-08-02T09:09:44.840600700Z] [WORKER-0] Executing: Heartbeat Remaining tasks: 0
[2026-08-02T09:09:45.838313900Z] [SCHEDULER] Added: Print Logs | at: 2026-08-02T09:09:47.837793700Z
[2026-08-02T09:09:45.839093700Z] [2026-08-02T09:09:45.838008Z] Print Logs
[2026-08-02T09:09:45.839093700Z] [WORKER-1] Executing: Print Logs Remaining tasks: 0
[2026-08-02T09:09:47.838441600Z] [SCHEDULER] Added: Print Logs | at: 2026-08-02T09:09:49.837793700Z
[2026-08-02T09:09:47.838441600Z] [2026-08-02T09:09:47.838441600Z] Print Logs
[2026-08-02T09:09:47.838441600Z] [WORKER-0] Executing: Print Logs Remaining tasks: 0
[2026-08-02T09:09:49.839058600Z] [SCHEDULER] Added: Heartbeat | at: 2026-08-02T09:09:54.837250100Z
[2026-08-02T09:09:49.839666900Z] [2026-08-02T09:09:49.839058600Z] Heartbeat
[2026-08-02T09:09:49.840180Z] [WORKER-1] Executing: Heartbeat Remaining tasks: 0
[2026-08-02T09:09:49.840580800Z] [SCHEDULER] Added: Print Logs | at: 2026-08-02T09:09:51.837793700Z
[2026-08-02T09:09:49.841219400Z] [2026-08-02T09:09:49.840580800Z] Print Logs
[2026-08-02T09:09:49.841219400Z] [WORKER-0] Executing: Print Logs Remaining tasks: 0
[2026-08-02T09:09:51.838423Z] [SCHEDULER] Added: Print Logs | at: 2026-08-02T09:09:53.837793700Z
[2026-08-02T09:09:51.838423Z] [2026-08-02T09:09:51.838423Z] Print Logs
[2026-08-02T09:09:51.838423Z] [WORKER-1] Executing: Print Logs Remaining tasks: 0
[2026-08-02T09:09:53.838170700Z] [SCHEDULER] Added: Print Logs | at: 2026-08-02T09:09:55.837793700Z
[2026-08-02T09:09:53.838170700Z] [2026-08-02T09:09:53.838170700Z] Print Logs
[2026-08-02T09:09:53.838170700Z] [WORKER-0] Executing: Print Logs Remaining tasks: 0
[2026-08-02T09:09:54.837273700Z] [SCHEDULER] Added: Heartbeat | at: 2026-08-02T09:09:59.837250100Z
[2026-08-02T09:09:54.838136300Z] [2026-08-02T09:09:54.837273700Z] Heartbeat
[2026-08-02T09:09:54.838136300Z] [WORKER-1] Executing: Heartbeat Remaining tasks: 0
[2026-08-02T09:09:55.851028200Z] 
[SKIPPING] task: 3 - Print Logs status -PAUSE
[2026-08-02T09:09:59.839814100Z] [SCHEDULER] Added: Heartbeat | at: 2026-08-02T09:10:04.837250100Z
[2026-08-02T09:09:59.839814100Z] [2026-08-02T09:09:59.839814100Z] Heartbeat
[2026-08-02T09:09:59.839814100Z] [WORKER-0] Executing: Heartbeat Remaining tasks: 0
[2026-08-02T09:10:04.838030900Z] [SCHEDULER] Added: Heartbeat | at: 2026-08-02T09:10:09.837250100Z
[2026-08-02T09:10:04.838030900Z] [2026-08-02T09:10:04.838030900Z] Heartbeat
[2026-08-02T09:10:04.838030900Z] [WORKER-1] Executing: Heartbeat Remaining tasks: 0
[2026-08-02T09:10:09.837778600Z] [SCHEDULER] Added: Heartbeat | at: 2026-08-02T09:10:14.837250100Z
[2026-08-02T09:10:09.837778600Z] [2026-08-02T09:10:09.837778600Z] Heartbeat
[2026-08-02T09:10:09.839065300Z] [WORKER-0] Executing: Heartbeat Remaining tasks: 0
[2026-08-02T09:10:14.837984400Z] [SCHEDULER] Added: Heartbeat | at: 2026-08-02T09:10:19.837250100Z
[2026-08-02T09:10:14.837984400Z] [2026-08-02T09:10:14.837664800Z] Heartbeat
[2026-08-02T09:10:14.838984300Z] [WORKER-1] Executing: Heartbeat Remaining tasks: 0
[2026-08-02T09:10:19.837691700Z] [SCHEDULER] Added: Heartbeat | at: 2026-08-02T09:10:24.837250100Z
[2026-08-02T09:10:19.838689400Z] [2026-08-02T09:10:19.837691700Z] Heartbeat
[2026-08-02T09:10:19.838689400Z] [WORKER-0] Executing: Heartbeat Remaining tasks: 0
[2026-08-02T09:10:24.837746900Z] [SCHEDULER] Added: Heartbeat | at: 2026-08-02T09:10:29.837250100Z
[2026-08-02T09:10:24.837746900Z] [2026-08-02T09:10:24.837746900Z] Heartbeat
[2026-08-02T09:10:24.838912400Z] [WORKER-1] Executing: Heartbeat Remaining tasks: 0
[2026-08-02T09:10:25.025562600Z] [SCHEDULER] Added: Print Logs | at: 2026-08-02T09:10:25.025562600Z
[2026-08-02T09:10:25.027133600Z] [SCHEDULER] Added: Print Logs | at: 2026-08-02T09:10:27.025562600Z
[2026-08-02T09:10:25.027891400Z] [2026-08-02T09:10:25.027133600Z] Print Logs
[2026-08-02T09:10:25.027891400Z] [WORKER-0] Executing: Print Logs Remaining tasks: 0
[2026-08-02T09:10:27.027197200Z] [SCHEDULER] Added: Print Logs | at: 2026-08-02T09:10:29.025562600Z
[2026-08-02T09:10:27.027197200Z] [2026-08-02T09:10:27.026876800Z] Print Logs
[2026-08-02T09:10:27.028197Z] [WORKER-1] Executing: Print Logs Remaining tasks: 0
[2026-08-02T09:10:29.027633100Z] [2026-08-02T09:10:29.027633100Z] Print Logs
[2026-08-02T09:10:29.028388300Z] [WORKER-0] Executing: Print Logs Remaining tasks: 0
[2026-08-02T09:10:29.028388300Z] [SCHEDULER] Added: Print Logs | at: 2026-08-02T09:10:31.025562600Z
[2026-08-02T09:10:29.838007100Z] [SCHEDULER] Added: Heartbeat | at: 2026-08-02T09:10:34.837250100Z
[2026-08-02T09:10:29.838007100Z] [2026-08-02T09:10:29.838007100Z] Heartbeat
[2026-08-02T09:10:29.838007100Z] [WORKER-1] Executing: Heartbeat Remaining tasks: 0
[2026-08-02T09:10:31.027695200Z] [SCHEDULER] Added: Print Logs | at: 2026-08-02T09:10:33.025562600Z
[2026-08-02T09:10:31.028448500Z] [2026-08-02T09:10:31.027695200Z] Print Logs
[2026-08-02T09:10:31.028448500Z] [WORKER-0] Executing: Print Logs Remaining tasks: 0
[2026-08-02T09:10:33.025672700Z] [SCHEDULER] Added: Print Logs | at: 2026-08-02T09:10:35.025562600Z
[2026-08-02T09:10:33.025672700Z] [2026-08-02T09:10:33.025672700Z] Print Logs
[2026-08-02T09:10:33.026904300Z] [WORKER-1] Executing: Print Logs Remaining tasks: 0
[2026-08-02T09:10:34.839736400Z] [SCHEDULER] Added: Heartbeat | at: 2026-08-02T09:10:39.837250100Z
[2026-08-02T09:10:34.839736400Z] [2026-08-02T09:10:34.839736400Z] Heartbeat
[2026-08-02T09:10:34.840898600Z] [WORKER-0] Executing: Heartbeat Remaining tasks: 0
[2026-08-02T09:10:35.027566100Z] [SCHEDULER] Added: Print Logs | at: 2026-08-02T09:10:37.025562600Z
[2026-08-02T09:10:35.028334Z] [2026-08-02T09:10:35.027566100Z] Print Logs
[2026-08-02T09:10:35.028334Z] [WORKER-1] Executing: Print Logs Remaining tasks: 0
[2026-08-02T09:10:37.025795Z] [SCHEDULER] Added: Print Logs | at: 2026-08-02T09:10:39.025562600Z
[2026-08-02T09:10:37.025795Z] [2026-08-02T09:10:37.025795Z] Print Logs
[2026-08-02T09:10:37.027035500Z] [WORKER-0] Executing: Print Logs Remaining tasks: 0
[2026-08-02T09:10:39.025709400Z] [SCHEDULER] Added: Print Logs | at: 2026-08-02T09:10:41.025562600Z
[2026-08-02T09:10:39.025709400Z] [2026-08-02T09:10:39.025709400Z] Print Logs
[2026-08-02T09:10:39.026975400Z] [WORKER-1] Executing: Print Logs Remaining tasks: 0
[2026-08-02T09:10:39.839130Z] [SCHEDULER] Added: Heartbeat | at: 2026-08-02T09:10:44.837250100Z
[2026-08-02T09:10:39.839130Z] [2026-08-02T09:10:39.839130Z] Heartbeat
[2026-08-02T09:10:39.840272500Z] [WORKER-0] Executing: Heartbeat Remaining tasks: 0
[2026-08-02T09:10:41.025849900Z] [SCHEDULER] Added: Print Logs | at: 2026-08-02T09:10:43.025562600Z
[2026-08-02T09:10:41.027158400Z] [2026-08-02T09:10:41.025849900Z] Print Logs
[2026-08-02T09:10:41.027158400Z] [WORKER-1] Executing: Print Logs Remaining tasks: 0
[2026-08-02T09:10:43.025992800Z] [SCHEDULER] Added: Print Logs | at: 2026-08-02T09:10:45.025562600Z
[2026-08-02T09:10:43.025992800Z] [2026-08-02T09:10:43.025992800Z] Print Logs
[2026-08-02T09:10:43.027180300Z] [WORKER-0] Executing: Print Logs Remaining tasks: 0
[2026-08-02T09:10:44.837497700Z] [SCHEDULER] Added: Heartbeat | at: 2026-08-02T09:10:49.837250100Z
[2026-08-02T09:10:44.838791200Z] [2026-08-02T09:10:44.837497700Z] Heartbeat
[2026-08-02T09:10:44.838791200Z] [WORKER-1] Executing: Heartbeat Remaining tasks: 0
[2026-08-02T09:10:45.025804300Z] [SCHEDULER] Added: Print Logs | at: 2026-08-02T09:10:47.025562600Z
[2026-08-02T09:10:45.025804300Z] [2026-08-02T09:10:45.025804300Z] Print Logs
[2026-08-02T09:10:45.027093900Z] [WORKER-0] Executing: Print Logs Remaining tasks: 0
